Homepage - User not logged in
Article comments - No comments, not logged in
Article comments - Comments, not logged in
